I'm sorry, but errors were detected in your script. Please correct the
errors listed below, and try again.


File "game/script.rpy", line 26: end of line expected.
    show byleth, adaptabilidad
               ^

Ren'Py Version: Ren'Py 8.0.3.22090809
Thu May 25 18:00:50 2023
